
=== YULONG DAART Aquila III Desktop DAC/Pre-amp/Amp ===  -> https://apos.audio/products/yulong-da-art-aquila-iii-desktop-dac-amp
  OK: yulong-daart-aquila-iii-desktop-dac-pre-amp-amp.jpg (45428 bytes)

=== YULONG DAART Asura Music Streamer & Desktop DAC & Headphone Amplifier ===  -> https://apos.audio/products/yulong-daart-asura-ak4499ex-ak4191-music-streamer-desktop-dac-headphone-amplifier
  OK: yulong-daart-asura-music-streamer-desktop-dac-headphone-amplifier.png (179078 bytes)

=== YULONG DAART A39 Desktop R2R Pre-Amp & Headphone Amplifier ===  -> https://apos.audio/products/yulong-a39-desktop-headphone-amplifier
  OK: yulong-daart-a39-desktop-r2r-pre-amp-headphone-amplifier.jpg (41186 bytes)

=== SVS SoundPath RCA Audio Interconnect Cable for Subwoofers - 16.4 ft. (5m) ===  -> https://www.svsound.com/products/svs-soundpath-subwoofer-cable
  OK: svs-soundpath-rca-audio-interconnect-cable-for-subwoofers-16-4-ft-5m.jpg (184207 bytes)

=== AudioQuest Red River XLR to XLR Analog Audio Interconnect Cable - 9.84' (3m) - Single-Pack ===  -> https://www.audioadvice.com/products/audioquest-red-river-xlr-interconnect-cable
  OK: audioquest-red-river-xlr-to-xlr-analog-audio-interconnect-cable-9-84-3m-single-pack.png (337919 bytes)

=== AudioQuest Red River XLR to XLR Analog Audio Interconnect Cables - 9.84' (3m) - 2-Pack ===  -> https://www.audioadvice.com/products/audioquest-red-river-xlr-interconnect-cable
  OK: audioquest-red-river-xlr-to-xlr-analog-audio-interconnect-cables-9-84-3m-2-pack.png (337919 bytes)

=== SVS SoundPath RCA Audio Interconnect Cable for Subwoofers - 3.28 ft. (1m) ===  -> https://www.svsound.com/products/svs-soundpath-subwoofer-cable
  OK: svs-soundpath-rca-audio-interconnect-cable-for-subwoofers-3-28-ft-1m.jpg (184207 bytes)

=== SVS SoundPath RCA Audio Interconnect Cable for Subwoofers - 39.36 ft. (12m) ===  -> https://www.svsound.com/products/svs-soundpath-subwoofer-cable
  OK: svs-soundpath-rca-audio-interconnect-cable-for-subwoofers-39-36-ft-12m.jpg (184207 bytes)

=== AudioQuest Red River XLR to XLR Analog Audio Interconnect Cables - 2.46' (0.75m) - 2-Pack ===  -> https://www.audioadvice.com/products/audioquest-red-river-xlr-interconnect-cable
  OK: audioquest-red-river-xlr-to-xlr-analog-audio-interconnect-cables-2-46-0-75m-2-pack.png (337919 bytes)

=== SVS SoundPath RCA Audio Interconnect Cable for Subwoofers - 49.2 ft. (15m) ===  -> https://www.svsound.com/products/svs-soundpath-subwoofer-cable
  OK: svs-soundpath-rca-audio-interconnect-cable-for-subwoofers-49-2-ft-15m.jpg (184207 bytes)

=== SVS SoundPath RCA Audio Interconnect Cable for Subwoofers - 6.56 ft. (2m) ===  -> https://www.svsound.com/products/svs-soundpath-subwoofer-cable
  OK: svs-soundpath-rca-audio-interconnect-cable-for-subwoofers-6-56-ft-2m.jpg (184207 bytes)

=== Focal Headphone Stand ===  -> https://apos.audio/products/focal-high-fidelity-headphones-stand
  OK: focal-headphone-stand.jpg (10626 bytes)

=== Focal Clear Mg Replacement Ear Pads ===  -> https://dekoniaudio.com/products/ear-pads-for-focal-headphones-stellia-radiante-utopia-clear-clearmg-celestee
  OK: focal-clear-mg-replacement-ear-pads.jpg (102241 bytes)

=== Dekoni Audio Elite Fenestrated Sheepskin Pads for Sennheiser HD6XX ===  -> https://apos.audio/products/dekoni-audio-epz-hd600-fnsk-replacement-ear-pads-for-sennheiser-hd600-series-headphones-elite-fenestrated-sheepskin
  OK: dekoni-audio-elite-fenestrated-sheepskin-pads-for-sennheiser-hd6xx.jpg (578921 bytes)

=== Focal Mahogany Headphone Stand ===  -> https://apos.audio/products/focal-high-fidelity-headphones-stand
  OK: focal-mahogany-headphone-stand.jpg (10626 bytes)

=== SVS SoundPath RCA Audio Interconnect Cable for Subwoofers - 26.24 ft. (8m) ===  -> https://www.svsound.com/products/svs-soundpath-subwoofer-cable
  OK: svs-soundpath-rca-audio-interconnect-cable-for-subwoofers-26-24-ft-8m.jpg (184207 bytes)

Done: 16/32 saved. Mapping: scripts/replacement-images-mapped-result.json
