
=== GUSTARD R30 Fully-Discrete R2R Network Streaming DAC (Apos Certified) ===
  OK: saved gustard-r30-fully-discrete-r2r-network-streaming-dac-apos-certified.jpg (42121 bytes) from apos.audio

=== YULONG DAART Aquila III Desktop DAC/Pre-amp/Amp ===
  MISS: no image found on any candidate store

=== YULONG DAART Aurora Desktop DAC/Pre-amp/ Headphone Amp ===
  OK: saved yulong-daart-aurora-desktop-dac-pre-amp-headphone-amp.jpg (45947 bytes) from apos.audio

=== Cayin HA-3A Desktop Tube Headphone Amplifier ===
  OK: saved cayin-ha-3a-desktop-tube-headphone-amplifier.jpg (96019 bytes) from apos.audio

=== Burson SOLOIST STELLAR 8W XLR Class-A Headphone / Pre Amp ===
  OK: saved burson-soloist-stellar-8w-xlr-class-a-headphone-pre-amp.jpg (125183 bytes) from apos.audio

=== YULONG DAART Asura Music Streamer & Desktop DAC & Headphone Amplifier ===
  MISS: no image found on any candidate store

=== Burson Playmate 3 Class-A Headphone Amp/ Pre-Amp/ DAC ===
  OK: saved burson-playmate-3-class-a-headphone-amp-pre-amp-dac.jpg (90794 bytes) from apos.audio

=== YULONG DAART A39 Desktop R2R Pre-Amp & Headphone Amplifier ===
  MISS: no image found on any candidate store

=== Cayin N6iii Digital Audio Player ===
  OK: saved cayin-n6iii-digital-audio-player.jpg (237567 bytes) from apos.audio

=== GUSTARD X30 4xES9039SPRO Streamer Digital to Analog Convertor (DAC) ===
  OK: saved gustard-x30-4xes9039spro-streamer-digital-to-analog-convertor-dac.webp (26499 bytes) from apos.audio

=== YULONG DAART D39 ESS9039PRO Music Streamer & Desktop DAC ===
  OK: saved yulong-daart-d39-ess9039pro-music-streamer-desktop-dac.jpg (42782 bytes) from apos.audio

=== GUSTARD X26 III Dual ES9039SPRO Digital to Analog Convertor (DAC) ===
  OK: saved gustard-x26-iii-dual-es9039spro-digital-to-analog-convertor-dac.webp (22909 bytes) from apos.audio

=== Cayin HA-2A Desktop Tube Headphone Amplifier ===
  OK: saved cayin-ha-2a-desktop-tube-headphone-amplifier.jpg (999717 bytes) from apos.audio

=== Singxer SA-2 Fully-balanced Headphone Amplifier (Apos Certified) ===
  OK: saved singxer-sa-2-fully-balanced-headphone-amplifier-apos-certified.jpg (307586 bytes) from apos.audio

=== Burson Soloist Voyager Flagship Class-A Headphone Amplifier ===
  OK: saved burson-soloist-voyager-flagship-class-a-headphone-amplifier.jpg (134140 bytes) from apos.audio

=== SVS SoundPath RCA Audio Interconnect Cable for Subwoofers - 16.4 ft. (5m) ===
  MISS: no image found on any candidate store

=== AudioQuest Red River XLR to XLR Analog Audio Interconnect Cable - 9.84' (3m) - Single-Pack ===
  MISS: no image found on any candidate store

=== AudioQuest Red River XLR to XLR Analog Audio Interconnect Cables - 9.84' (3m) - 2-Pack ===
  MISS: no image found on any candidate store

=== SVS SoundPath RCA Audio Interconnect Cable for Subwoofers - 3.28 ft. (1m) ===
  MISS: no image found on any candidate store

=== SVS SoundPath RCA Audio Interconnect Cable for Subwoofers - 39.36 ft. (12m) ===
  MISS: no image found on any candidate store

=== AudioQuest Red River XLR to XLR Analog Audio Interconnect Cable - 1.64' (0.5m) - 2-Pack ===
  MISS: no image found on any candidate store

=== AudioQuest Red River XLR to XLR Analog Audio Interconnect Cables - 2.46' (0.75m) - 2-Pack ===
  MISS: no image found on any candidate store

=== SVS SoundPath RCA Audio Interconnect Cable for Subwoofers - 49.2 ft. (15m) ===
  MISS: no image found on any candidate store

=== SVS SoundPath RCA Audio Interconnect Cable for Subwoofers - 6.56 ft. (2m) ===
  MISS: no image found on any candidate store

=== Focal Headphone Stand ===
  MISS: no image found on any candidate store

=== Dekoni Audio Choice Leather Earpads for Hifiman Sundara ===
  MISS: no image found on any candidate store

=== Dekoni Audio Protective Headphone Travel Pouch ===
  MISS: no image found on any candidate store

=== Focal Clear Mg Replacement Ear Pads ===
  MISS: no image found on any candidate store

=== Dekoni Audio Elite Fenestrated Sheepskin Pads for Sennheiser HD6XX ===
  MISS: no image found on any candidate store

=== Focal Mahogany Headphone Stand ===
  MISS: no image found on any candidate store

=== Audio-Technica Aluminum Headphone Stand ===
  MISS: no image found on any candidate store

=== SVS SoundPath RCA Audio Interconnect Cable for Subwoofers - 26.24 ft. (8m) ===
  MISS: no image found on any candidate store


Done: 12/32 images saved. Mapping: scripts/replacement-images-combined-result.json
