
> sang-logium@0.1.0 dev
> next dev

[@sentry/nextjs] ACTION REQUIRED: To instrument navigations, the Sentry SDK requires you to export an `onRouterTransitionStart` hook from your `instrumentation-client.(js|ts)` file. You can do so by adding `export const onRouterTransitionStart = Sentry.captureRouterTransitionStart;` to the file.
[@sentry/nextjs] ACTION REQUIRED: To instrument navigations, the Sentry SDK requires you to export an `onRouterTransitionStart` hook from your `instrumentation-client.(js|ts)` file. You can do so by adding `export const onRouterTransitionStart = Sentry.captureRouterTransitionStart;` to the file.
   ▲ Next.js 15.5.15
   - Local:        http://localhost:3000
   - Network:      http://192.168.0.15:3000
   - Environments: .env.local, .env
   - Experiments (use with caution):
     ✓ inlineCss
     ✓ optimizeCss
     · clientTraceMetadata
     · ...

 ✓ Starting...
 ○ Compiling /instrumentation ...
 ✓ Compiled /instrumentation in 7.3s (2341 modules)
 ✓ Ready in 18.8s
 ○ Compiling /middleware ...
 ✓ Compiled /middleware in 2.8s (1993 modules)
 ○ Compiling / ...
 ✓ Compiled / in 36.5s (9424 modules)
✅ Catalogue index validation passed
Homepage Data Fetch (Batched): 2.757s
 ✓ Compiled in 13.7s (3400 modules)
 GET / 200 in 56871ms
 │ GET https://2tdmkpky.apicdn.../v2024-11-26/data/query/..?query=%0A++*%5B.. 200 in 2276ms (cache skip)
 │ │ Cache skipped reason: (auto no cache)
 │ GET https://2tdmkpky.apicdn.../v2024-11-26/data/query/..?query=%0A++*%5B.. 200 in 2260ms (cache skip)
 │ │ Cache skipped reason: (auto no cache)
 │ GET https://2tdmkpky.apicdn.../v2024-11-26/data/query/..?query=*%5B_type.. 200 in 148ms (cache skip)
 │ │ Cache skipped reason: (auto no cache)
 ○ Compiling /api/analytics/vitals ...
 ✓ Compiled /api/analytics/vitals in 13.1s (9427 modules)
{"event":"web_vital","name":"TTFB","value":57729.799999999814,"rating":"poor","navigationType":"navigate"}
{"event":"web_vital","name":"LCP","value":59304,"rating":"poor","navigationType":"navigate"}
{"event":"web_vital","name":"FCP","value":59168,"rating":"poor","navigationType":"navigate"}
 POST /api/analytics/vitals 200 in 14978ms
 POST /api/analytics/vitals 200 in 4419ms
 POST /api/analytics/vitals 200 in 15118ms
{"event":"web_vital","name":"INP","value":136,"rating":"good","navigationType":"navigate"}
 POST /api/analytics/vitals 200 in 206ms
{"event":"web_vital","name":"CLS","value":0.000457773087782237,"rating":"good","navigationType":"navigate"}
 POST /api/analytics/vitals 200 in 133ms
{"event":"web_vital","name":"INP","value":512,"rating":"poor","navigationType":"navigate"}
 POST /api/analytics/vitals 200 in 114ms
