MISS | yulong-daart-aquila-iii-desktop-dac-pre-amp-amp
MISS | yulong-daart-a39-desktop-r2r-pre-amp-headphone-amplifier
MISS | yulong-daart-asura-music-streamer-desktop-dac-headphone-amplifier
MISS | audioquest-red-river-xlr-to-xlr-analog-audio-interconnect-cable-9-84-3m-single-pack
MISS | audioquest-red-river-xlr-to-xlr-analog-audio-interconnect-cables-9-84-3m-2-pack
MISS | svs-soundpath-rca-audio-interconnect-cable-for-subwoofers-16-4-ft-5m
MISS | audioquest-red-river-xlr-to-xlr-analog-audio-interconnect-cables-2-46-0-75m-2-pack
MISS | audioquest-red-river-xlr-to-xlr-analog-audio-interconnect-cable-1-64-0-5m-2-pack
MISS | svs-soundpath-rca-audio-interconnect-cable-for-subwoofers-39-36-ft-12m
MISS | svs-soundpath-rca-audio-interconnect-cable-for-subwoofers-3-28-ft-1m
MISS | svs-soundpath-rca-audio-interconnect-cable-for-subwoofers-49-2-ft-15m
MISS | svs-soundpath-rca-audio-interconnect-cable-for-subwoofers-6-56-ft-2m
MISS | focal-headphone-stand
MISS | dekoni-audio-choice-leather-earpads-for-hifiman-sundara
MISS | dekoni-audio-protective-headphone-travel-pouch
MISS | dekoni-audio-elite-fenestrated-sheepskin-pads-for-sennheiser-hd6xx
MISS | focal-clear-mg-replacement-ear-pads
MISS | audio-technica-aluminum-headphone-stand
MISS | focal-mahogany-headphone-stand
MISS | svs-soundpath-rca-audio-interconnect-cable-for-subwoofers-26-24-ft-8m

HITS: 0/20
