https://www.audio46.com page 1
https://www.audio46.com page 2
https://www.audio46.com page 3
https://www.audio46.com page 4
https://www.audio46.com page 5
https://www.audio46.com page 6
https://www.audio46.com page 7
https://www.audio46.com page 8
https://www.audio46.com page 9
https://www.audio46.com page 10
https://www.audio46.com page 11
https://www.audio46.com page 12
https://www.audio46.com page 13
https://www.audio46.com page 14
https://www.audio46.com page 15
https://www.audio46.com done
https://headphones.com page 1
https://headphones.com page 2
https://headphones.com done
https://www.audioadvice.com page 1
https://www.audioadvice.com page 2
https://www.audioadvice.com page 3
https://www.audioadvice.com page 4
https://www.audioadvice.com page 5
https://www.audioadvice.com page 6
https://www.audioadvice.com page 7
https://www.audioadvice.com page 8
https://www.audioadvice.com page 9
https://www.audioadvice.com page 10
https://www.audioadvice.com page 11
https://www.audioadvice.com page 12
https://www.audioadvice.com page 13
https://www.audioadvice.com page 14
https://www.audioadvice.com page 15
https://www.audioadvice.com page 16
https://www.audioadvice.com done
MATCHES: 46
https://www.audio46.com | dekoni-audio-choice-leather-ear-pads-for-sony-wh-1000xm5-headphones | Dekoni Audio EPZ-XM5-CHL Replacement Ear Pads for Sony WH-1000XM5 Headphones Choice Leather
https://www.audio46.com | hifiman-sundara-over-the-ear-open-back-planar-magnetic-headphones-open-box | Hifiman Sundara V4 Over-Ear Open-Back Planar Magnetic Headphones (Open Box)
https://www.audio46.com | hifiman-sundara-closed-back-planar-magnetic-headphones-open-box | Hifiman Sundara Closed-Back Planar Magnetic Headphones (Open box)
https://www.audio46.com | hifiman-sundara-closed-back-planar-magnetic-headphones | Hifiman Sundara Closed-Back Planar Magnetic Headphones
https://www.audio46.com | dekoni-audio-epz-wh1000xm3-chl-ear-pads-for-sony-wh1000xm3-headphones-choice-leather | Dekoni Audio EPZ-WH1000Xm3-CHL Ear Pads for Sony WH1000Xm3 Headphones Choice Leather
https://www.audio46.com | dekoni-audio-epz-qc-chlv2-v2-replacement-ear-pads-for-bose-quiet-comfort-noise-cancelling-headphones-choice-leather | Dekoni Audio EPZ-QC-CHLv2 Replacement Ear Pads for Bose Quiet Comfort V2 Noise Cancelling Headphones Choice Leather
https://www.audio46.com | dekoni-audio-epz-bose700-chl-memory-foam-replacement-ear-pads-for-bose-700-noise-canceling-headphones-choice-leather | Dekoni Audio EPZ-BOSE700-CHL Memory Foam Replacement Ear Pads for Bose 700 Noise Canceling Headphones Choice Leather
https://www.audio46.com | dekoni-audio-epz-athm50x-chl-replacement-ear-pads-for-audio-technica-ath-m20x-m30x-m40x-m50x-and-sony-cdr900st-mdr7506-headphones-choice-leather | Dekoni Audio EPZ-ATHM50X-CHL Replacement Ear Pads for Audio Technica M-Series and Sony CDR900ST/MDR7506 Headphones Choice Leather
https://www.audio46.com | dekoni-audio-choice-leather-replacement-ear-pads-for-audeze-lcd-series-headphones | Dekoni Audio EPZ-LCD-CHL Replacement Ear Pads for Audeze LCD Series Headphones Choice Leather
https://www.audio46.com | dekoni-audio-choice-leather-replacement-ear-pads-for-sennheiser-hd600-series-headphones | Dekoni Audio EPZ-HD600-CHL Replacement Ear Pads for Sennheiser HD600 Series Headphones Choice Leather
https://www.audio46.com | hifiman-sundara-stock-cable-trs-3-5mm-to-3-5mm | Hifiman Sundara Balanced Stock Cable (TRS 3.5mm-to-3.5mm)
https://www.audio46.com | hifiman-sundara-over-the-ear-open-back-planar-magnetic-headphones | Hifiman Sundara V4 Over-Ear Open-Back Planar Magnetic Headphones
https://headphones.com | hifiman-sundara-closed-back-headphones | Hifiman Sundara Closed-Back Headphones
https://headphones.com | hifiman-sundara-headphones | Hifiman Sundara Headphones | 2020 Edition
https://headphones.com | hifiman-sundara-headphones-open-box | Hifiman Sundara Headphones | 2020 Edition - Open Box
https://www.audioadvice.com | wharfedale-linton-speakers-with-matching-stands-mahogany-red-1 | Wharfedale Linton Speakers with Matching Stands - Mahogany Red
https://www.audioadvice.com | wharfedale-open-box-linton-8-3-way-standmount-speaker-mahogany-red-pair-b-grade | Wharfedale OPEN BOX Linton 8” 3-way Standmount Speaker - Mahogany Red - PAIR - B Grade
https://www.audioadvice.com | svs-open-box-soundpath-subwoofer-isolation-system-a-grade | SVS OPEN BOX SoundPath Subwoofer Isolation System - 4 Pack - A Grade
https://www.audioadvice.com | svs-open-box-soundpath-ultra-bi-wire-speaker-cable-10-feet-banana-each-a-grade | SVS OPEN BOX SoundPath Ultra Bi-Wire Speaker Cable - 10 Feet - Banana - Each - A Grade
https://www.audioadvice.com | svs-open-box-soundpath-subwoofer-isolation-system-a-grade-1 | SVS OPEN BOX SoundPath Subwoofer Isolation System - 6 Pack - A Grade
https://www.audioadvice.com | audioquest-open-box-red-river-xlr-cable-2-meter-a-grade | AudioQuest Red River XLR Cable - 2m
https://www.audioadvice.com | svs-open-box-soundpath-digital-optical-cable-1-meter-a-grade | SVS OPEN BOX SoundPath Digital Optical Cable - 1 Meter - A Grade
https://www.audioadvice.com | audioquest-open-box-red-river-rca-cable-2-meter-a-grade | AudioQuest OPEN BOX Red River Cable - RCA>RCA - 2 Meter - A Grade
https://www.audioadvice.com | klh-open-box-model-5-loudspeaker-west-african-mahogany-pair-a-grade | KLH OPEN BOX Model 5 Loudspeaker - West African Mahogany - PAIR - A Grade
https://www.audioadvice.com | audioquest-open-box-red-river-rca-cable-with-pvc-jacket-2-meter-a-grade | AudioQuest OPEN BOX Red River RCA Cable with PVC Jacket - 2 Meter - A Grade
https://www.audioadvice.com | audioquest-red-river-rca-cable-with-pvc-jacket-1-5m | AudioQuest Red River RCA Cable with PVC Jacket
https://www.audioadvice.com | audioquest-red-river-xlr-cable-with-pvc-jacket-3m-open-box-a-grade | Audioquest OPEN BOX Red River XLR Cable with PVC Jacket - 3 Meter - A Grade
https://www.audioadvice.com | svs-soundpath-tri-band-wireless-audio-adapter | SVS SoundPath Tri-Band Wireless Audio Adapter
https://www.audioadvice.com | audioquest-open-box-red-river-xlr-cable-a-grade | AudioQuest Red River XLR Cable - 0.5m
https://www.audioadvice.com | audioquest-red-river-rca-cable-4m-open-box-exc | AudioQuest OPEN BOX Red River RCA Cable - 4m-Excellent Condition
https://www.audioadvice.com | audioquest-red-river-xlr-cable-1m-open-box-a-grade | AudioQuest - Red River (XLR, 1.0m)
https://www.audioadvice.com | audioquest-red-river-rca-cable-0-75m-open-box-exc | AudioQuest 0.75M PR RED RIVER RCA
https://www.audioadvice.com | audioquest-red-river-xlr-50ft-pair | AudioQuest Red River XLR 50ft Pair
https://www.audioadvice.com | svs-soundpath-ultra-bi-wire-speaker-cable | SVS SoundPath Ultra Bi-Wire Speaker Cable
https://www.audioadvice.com | audioquest-red-river-xlr-plugs | AudioQuest Red River XLR Field Termination Connectors
https://www.audioadvice.com | audioquest-red-river-xlr-interconnect-cable | AudioQuest Red River XLR > XLR Audio Interconnect Cable
https://www.audioadvice.com | audioquest-red-river-rca-plugs | AudioQuest Red River RCA Field Termination Connectors
https://www.audioadvice.com | audioquest-red-river-rca-interconnect-cable | AudioQuest Red River RCA > RCA Audio Interconnect Cable
https://www.audioadvice.com | audioquest-red-river-bulk-interconnect-cable-spool | AudioQuest Red River CL3/FT4 Bulk Audio Interconnect Cable
https://www.audioadvice.com | svs-soundpath-wireless-audio-adapter | SVS SoundPath Wireless Audio Adapter
https://www.audioadvice.com | svs-soundpath-ultra-hdmi-cable-1-meter | SVS SoundPath Ultra HDMI Cable
https://www.audioadvice.com | svs-soundpath-xlr-balanced-xlr-audio-cable-1-meter-pair | SVS SoundPath XLR Balanced XLR Audio Cable - Each
https://www.audioadvice.com | svs-soundpath-digital-optical-cable-1-meter | SVS SoundPath Digital Optical Cable
https://www.audioadvice.com | svs-soundpath-subwoofer-isolation-system-4-pack | SVS SoundPath Subwoofer Isolation System
https://www.audioadvice.com | svs-soundpath-ultra-speaker-cable-10ft | SVS SoundPath Ultra Speaker Cable - Each
https://www.audioadvice.com | svs-soundpath-rca-audio-interconnect-cable-12m | SVS SoundPath RCA Audio Interconnect Cable - Each
