[@sentry/nextjs] ACTION REQUIRED: To instrument navigations, the Sentry SDK requires you to export an `onRouterTransitionStart` hook from your `instrumentation-client.(js|ts)` file. You can do so by adding `export const onRouterTransitionStart = Sentry.captureRouterTransitionStart;` to the file.
   ▲ Next.js 15.5.15
   - Environments: .env.local, .env
   - Experiments (use with caution):
     ✓ inlineCss
     ✓ optimizeCss
     · clientTraceMetadata
     · optimizePackageImports

   Creating an optimized production build ...
[@sentry/nextjs] It seems like you don't have a global error handler set up. It is recommended that you add a 'global-error.js' file with Sentry instrumentation so that React rendering errors are reported to Sentry. Read more: https://docs.sentry.io/platforms/javascript/guides/nextjs/manual-setup/#react-render-errors-in-app-router (you can suppress this warning by setting SENTRY_SUPPRESS_GLOBAL_ERROR_HANDLER_FILE_WARNING=1 as environment variable)
[@sentry/nextjs - Node.js] Info: Sending telemetry data on issues and performance to Sentry. To disable telemetry, set `options.telemetry` to `false`.
[@sentry/nextjs - Node.js] Warning: No auth token provided. Will not create release. Please set the `authToken` option. You can find information on how to generate a Sentry auth token here: https://docs.sentry.io/api/auth/
[@sentry/nextjs - Node.js] Warning: No auth token provided. Will not upload source maps. Please set the `authToken` option. You can find information on how to generate a Sentry auth token here: https://docs.sentry.io/api/auth/
[@sentry/nextjs - Edge] Info: Sending telemetry data on issues and performance to Sentry. To disable telemetry, set `options.telemetry` to `false`.
[@sentry/nextjs - Edge] Warning: No auth token provided. Will not create release. Please set the `authToken` option. You can find information on how to generate a Sentry auth token here: https://docs.sentry.io/api/auth/
[@sentry/nextjs - Edge] Warning: No auth token provided. Will not upload source maps. Please set the `authToken` option. You can find information on how to generate a Sentry auth token here: https://docs.sentry.io/api/auth/
<w> [webpack.cache.PackFileCacheStrategy] Serializing big strings (132kiB) impacts deserialization performance (consider using Buffer instead and decode when needed)
<w> [webpack.cache.PackFileCacheStrategy] Serializing big strings (139kiB) impacts deserialization performance (consider using Buffer instead and decode when needed)
[@sentry/nextjs - Client] Info: Sending telemetry data on issues and performance to Sentry. To disable telemetry, set `options.telemetry` to `false`.
[@sentry/nextjs - Client] Warning: No auth token provided. Will not create release. Please set the `authToken` option. You can find information on how to generate a Sentry auth token here: https://docs.sentry.io/api/auth/
[@sentry/nextjs - Client] Warning: No auth token provided. Will not upload source maps. Please set the `authToken` option. You can find information on how to generate a Sentry auth token here: https://docs.sentry.io/api/auth/
 ⚠ Compiled with warnings in 6.3min

./node_modules/jose/dist/webapi/lib/deflate.js
A Node.js API is used (CompressionStream at line: 10) which is not supported in the Edge Runtime.
Learn more: https://nextjs.org/docs/api-reference/edge-runtime

Import trace for requested module:
./node_modules/jose/dist/webapi/lib/deflate.js
./node_modules/jose/dist/webapi/jwe/flattened/encrypt.js
./node_modules/jose/dist/webapi/index.js
./node_modules/better-auth/dist/crypto/jwt.mjs
./node_modules/better-auth/dist/cookies/index.mjs

./node_modules/jose/dist/webapi/lib/deflate.js
A Node.js API is used (DecompressionStream at line: 26) which is not supported in the Edge Runtime.
Learn more: https://nextjs.org/docs/api-reference/edge-runtime

Import trace for requested module:
./node_modules/jose/dist/webapi/lib/deflate.js
./node_modules/jose/dist/webapi/jwe/flattened/encrypt.js
./node_modules/jose/dist/webapi/index.js
./node_modules/better-auth/dist/crypto/jwt.mjs
./node_modules/better-auth/dist/cookies/index.mjs

   Skipping linting
   Checking validity of types ...
   Collecting page data ...
unhandledRejection [Error [PageNotFoundError]: Cannot find module for page: /_document] {
  type: 'PageNotFoundError',
  code: 'ENOENT'
}
