.next/types/app/(store)/checkout/return/page.ts(34,29): error TS2344: Type 'PageProps' does not satisfy the constraint 'import("C:/webdev/sang-logium/.next/types/app/(store)/checkout/return/page").PageProps'.
  Types of property 'searchParams' are incompatible.
    Type '{ session_id?: string | undefined; }' is missing the following properties from type 'Promise<any>': then, catch, finally, [Symbol.toStringTag]
.next/types/app/(store)/tracking/page.ts(2,24): error TS2307: Cannot find module '../../../../../app/(store)/tracking/page.js' or its corresponding type declarations.
.next/types/app/(store)/tracking/page.ts(5,29): error TS2307: Cannot find module '../../../../../app/(store)/tracking/page.js' or its corresponding type declarations.
.next/types/app/api/webhook/route.ts(2,24): error TS2306: File 'C:/webdev/sang-logium/app/api/webhook/route.ts' is not a module.
.next/types/app/api/webhook/route.ts(5,29): error TS2306: File 'C:/webdev/sang-logium/app/api/webhook/route.ts' is not a module.
.next/types/validator.ts(260,39): error TS2306: File 'C:/webdev/sang-logium/app/api/webhook/route.ts' is not a module.
Accessories.tsx(3,18): error TS2307: Cannot find module './data.json' or its corresponding type declarations.
Accessories.tsx(4,88): error TS2307: Cannot find module '@/app/components/layout/carousel/Carousel' or its corresponding type declarations.
Accessories.tsx(24,37): error TS7006: Parameter 'item' implicitly has an 'any' type.
Accessories.tsx(46,31): error TS7006: Parameter 'item' implicitly has an 'any' type.
app/(store)/checkout/layout.tsx(6,10): error TS2305: Module '"@/sanity.types"' has no exported member 'User'.
app/(store)/checkout/layout.tsx(29,38): error TS7006: Parameter 'a' implicitly has an 'any' type.
app/(store)/checkout/layout.tsx(47,13): error TS2820: Type '"CONFIRMED"' is not assignable to type 'Status'. Did you mean '"CONFIRM"'?
app/(store)/checkout/layout.tsx(74,7): error TS2820: Type '"CONFIRMED"' is not assignable to type 'Status'. Did you mean '"CONFIRM"'?
app/(store)/product/[id]/page.tsx(8,10): error TS2459: Module '"@/store/store"' declares 'BasketItem' locally, but it is not exported.
app/(store)/product/[id]/page.tsx(20,14): error TS2339: Property 'price' does not exist on type '{ _id: string; _type: "product"; _createdAt: string; _updatedAt: string; _rev: string; name?: string | undefined; slug?: Slug | undefined; brand?: string | undefined; stripePriceId?: string | undefined; ... 7 more ...; specifications?: { ...; }[] | undefined; }'.
app/(store)/product/[id]/page.tsx(29,20): error TS2339: Property 'price' does not exist on type '{ _id: string; _type: "product"; _createdAt: string; _updatedAt: string; _rev: string; name?: string | undefined; slug?: Slug | undefined; brand?: string | undefined; stripePriceId?: string | undefined; ... 7 more ...; specifications?: { ...; }[] | undefined; }'.
app/(store)/product/[id]/page.tsx(39,15): error TS18048: 'product.displayPrice' is possibly 'undefined'.
app/(store)/product/[id]/page.tsx(43,34): error TS2339: Property 'description' does not exist on type '{ _id: string; _type: "product"; _createdAt: string; _updatedAt: string; _rev: string; name?: string | undefined; slug?: Slug | undefined; brand?: string | undefined; stripePriceId?: string | undefined; ... 7 more ...; specifications?: { ...; }[] | undefined; }'.
app/(store)/product/[id]/page.tsx(44,42): error TS2339: Property 'description' does not exist on type '{ _id: string; _type: "product"; _createdAt: string; _updatedAt: string; _rev: string; name?: string | undefined; slug?: Slug | undefined; brand?: string | undefined; stripePriceId?: string | undefined; ... 7 more ...; specifications?: { ...; }[] | undefined; }'.
app/(store)/product/[id]/page.tsx(74,22): error TS2304: Cannot find name 'InfoTooltip'.
app/(store)/product/[id]/page.tsx(93,22): error TS2304: Cannot find name 'InfoTooltip'.
app/(studio)/layout.tsx(3,1): error TS2578: Unused '@ts-expect-error' directive.
app/api/webhooks/stripe/ARCHIVED.ts(3,24): error TS2307: Cannot find module '@/lib/stripe' or its corresponding type declarations.
app/api/webhooks/stripe/ARCHIVED.ts(53,36): error TS2339: Property 'shipping_details' does not exist on type 'Session'.
app/api/webhooks/stripe/ARCHIVED.ts(56,43): error TS2339: Property 'shipping_details' does not exist on type 'Session'.
app/api/webhooks/stripe/ARCHIVED.ts(67,35): error TS2339: Property 'shipping_details' does not exist on type 'Session'.
app/api/webhooks/stripe/ARCHIVED.ts(121,42): error TS2339: Property 'name' does not exist on type 'Product | DeletedProduct'.
  Property 'name' does not exist on type 'DeletedProduct'.
app/components/features/archived/aggregate/BottomSegment.tsx(2,34): error TS2307: Cannot find module '../product-showcase/month-product/MonthProductSkeleton' or its corresponding type declarations.
app/components/features/archived/aggregate/BottomSegment.tsx(3,26): error TS2307: Cannot find module '../product-showcase/month-product/MonthProduct' or its corresponding type declarations.
app/components/features/archived/aggregate/MainSegment.tsx(2,24): error TS2307: Cannot find module '../banners/brands-wall/BrandsWall' or its corresponding type declarations.
app/components/features/archived/aggregate/MainSegment.tsx(3,33): error TS2307: Cannot find module '../product-showcase/bestsellers/BestsellersSkeleton' or its corresponding type declarations.
app/components/features/archived/aggregate/MainSegment.tsx(4,25): error TS2307: Cannot find module '../product-showcase/bestsellers/Bestsellers' or its corresponding type declarations.
app/components/features/archived/aggregate/MainSegment.tsx(5,35): error TS2307: Cannot find module '../product-showcase/newest-release/NewestReleaseSkeleton' or its corresponding type declarations.
app/components/features/archived/aggregate/MainSegment.tsx(6,27): error TS2307: Cannot find module '../product-showcase/newest-release/NewestRelease' or its corresponding type declarations.
app/components/features/archived/aggregate/MainSegment.tsx(7,36): error TS2307: Cannot find module '../product-showcase/extreme-quality/ExtremeQualitySkeleton' or its corresponding type declarations.
app/components/features/archived/aggregate/MainSegment.tsx(8,28): error TS2307: Cannot find module '../product-showcase/extreme-quality/ExtremeQuality' or its corresponding type declarations.
app/components/features/archived/aggregate/MainSegment.tsx(9,38): error TS2307: Cannot find module '../product-showcase/featured-products/FeaturedProductsSkeleton' or its corresponding type declarations.
app/components/features/archived/aggregate/MainSegment.tsx(10,30): error TS2307: Cannot find module '../product-showcase/featured-products/FeaturedProducts' or its corresponding type declarations.
app/components/features/archived/bestsellers/Bestsellers.tsx(1,32): error TS2307: Cannot find module '../../../../ui/carousel-multi-slide/carouselMultiSlide' or its corresponding type declarations.
app/components/features/archived/bestsellers/Bestsellers.tsx(2,26): error TS2307: Cannot find module '../../../../ui/segment-title/SegmentTitle' or its corresponding type declarations.
app/components/features/archived/bestsellers/Bestsellers.tsx(3,19): error TS2307: Cannot find module '../../../../ui/commercials/minor/price' or its corresponding type declarations.
app/components/features/archived/bestsellers/Bestsellers.tsx(4,24): error TS2307: Cannot find module '../../../../ui/commercials/minor/brandTitle' or its corresponding type declarations.
app/components/features/archived/bestsellers/Bestsellers.tsx(5,25): error TS2307: Cannot find module '../../../../ui/commercials/minor/productName' or its corresponding type declarations.
app/components/features/archived/bestsellers/Bestsellers.tsx(6,41): error TS2307: Cannot find module '@/sanity/lib/commercials/getCommercialsByFeature' or its corresponding type declarations.
app/components/features/archived/bestsellers/Bestsellers.tsx(10,10): error TS2305: Module '"@/sanity.types"' has no exported member 'BlockContent'.
app/components/features/archived/bestsellers/Bestsellers.tsx(35,19): error TS7006: Parameter 'a' implicitly has an 'any' type.
app/components/features/archived/bestsellers/Bestsellers.tsx(35,22): error TS7006: Parameter 'b' implicitly has an 'any' type.
app/components/features/archived/bestsellers/Bestsellers.tsx(37,20): error TS7006: Parameter 'bestseller' implicitly has an 'any' type.
app/components/features/archived/bestsellers/Bestsellers.tsx(38,35): error TS7006: Parameter 'bestseller' implicitly has an 'any' type.
app/components/features/archived/featured-products/FeaturedProducts.tsx(1,32): error TS2307: Cannot find module '../../../../ui/carousel-multi-slide/carouselMultiSlide' or its corresponding type declarations.
app/components/features/archived/featured-products/FeaturedProducts.tsx(2,26): error TS2307: Cannot find module '../../../../ui/segment-title/SegmentTitle' or its corresponding type declarations.
app/components/features/archived/featured-products/FeaturedProducts.tsx(4,19): error TS2307: Cannot find module '../../../../ui/commercials/minor/price' or its corresponding type declarations.
app/components/features/archived/featured-products/FeaturedProducts.tsx(5,24): error TS2307: Cannot find module '../../../../ui/commercials/minor/brandTitle' or its corresponding type declarations.
app/components/features/archived/featured-products/FeaturedProducts.tsx(6,25): error TS2307: Cannot find module '../../../../ui/commercials/minor/productName' or its corresponding type declarations.
app/components/features/archived/featured-products/FeaturedProducts.tsx(9,10): error TS2305: Module '"@/sanity.types"' has no exported member 'BlockContent'.
app/components/features/archived/featured-products/FeaturedProducts.tsx(10,41): error TS2307: Cannot find module '@/sanity/lib/commercials/getCommercialsByFeature' or its corresponding type declarations.
app/components/features/archived/featured-products/FeaturedProducts.tsx(36,30): error TS7006: Parameter 'product' implicitly has an 'any' type.
app/components/features/archived/featured-products/FeaturedProducts.tsx(37,34): error TS7006: Parameter 'product' implicitly has an 'any' type.
app/components/features/archived/hero-commercials/__tests__/HeroCommercialsStatic.test.tsx(3,29): error TS2307: Cannot find module '../../../../archived/hero-commercials/HeroCommercials' or its corresponding type declarations.
app/components/features/archived/hero-commercials/__tests__/HeroCommercialsStatic.test.tsx(6,1): error TS2708: Cannot use namespace 'jest' as a value.
app/components/features/archived/hero-commercials/__tests__/HeroCommercialsStatic.test.tsx(16,1): error TS2708: Cannot use namespace 'jest' as a value.
app/components/features/archived/hero-commercials/__tests__/HeroCommercialsStatic.test.tsx(26,1): error TS2582: Cannot find name 'describe'. Do you need to install type definitions for a test runner? Try `npm i --save-dev @types/jest` or `npm i --save-dev @types/mocha`.
app/components/features/archived/hero-commercials/__tests__/HeroCommercialsStatic.test.tsx(27,3): error TS2582: Cannot find name 'test'. Do you need to install type definitions for a test runner? Try `npm i --save-dev @types/jest` or `npm i --save-dev @types/mocha`.
app/components/features/archived/hero-commercials/__tests__/HeroCommercialsStatic.test.tsx(42,5): error TS2304: Cannot find name 'expect'.
app/components/features/archived/hero-commercials/__tests__/HeroCommercialsStatic.test.tsx(43,5): error TS2304: Cannot find name 'expect'.
app/components/features/archived/hero-commercials/__tests__/HeroCommercialsStatic.test.tsx(44,5): error TS2304: Cannot find name 'expect'.
app/components/features/archived/hero-commercials/__tests__/HeroCommercialsStatic.test.tsx(45,5): error TS2304: Cannot find name 'expect'.
app/components/features/archived/hero-commercials/__tests__/HeroCommercialsStatic.test.tsx(46,5): error TS2304: Cannot find name 'expect'.
app/components/features/archived/hero-commercials/__tests__/HeroCommercialsStatic.test.tsx(48,3): error TS2582: Cannot find name 'test'. Do you need to install type definitions for a test runner? Try `npm i --save-dev @types/jest` or `npm i --save-dev @types/mocha`.
app/components/features/archived/hero-commercials/__tests__/HeroCommercialsStatic.test.tsx(50,5): error TS2304: Cannot find name 'expect'.
app/components/features/archived/hero-commercials/__tests__/HeroCommercialsStatic.test.tsx(51,5): error TS2304: Cannot find name 'expect'.
app/components/features/archived/hero-commercials/__tests__/HeroCommercialsStatic.test.tsx(55,3): error TS2582: Cannot find name 'test'. Do you need to install type definitions for a test runner? Try `npm i --save-dev @types/jest` or `npm i --save-dev @types/mocha`.
app/components/features/archived/hero-commercials/__tests__/HeroCommercialsStatic.test.tsx(66,5): error TS2304: Cannot find name 'expect'.
app/components/features/archived/hero-commercials/__tests__/HeroCommercialsStatic.test.tsx(68,3): error TS2582: Cannot find name 'test'. Do you need to install type definitions for a test runner? Try `npm i --save-dev @types/jest` or `npm i --save-dev @types/mocha`.
app/components/features/archived/hero-commercials/__tests__/HeroCommercialsStatic.test.tsx(70,5): error TS2304: Cannot find name 'expect'.
app/components/features/archived/hero-commercials/__tests__/HeroCommercialsStatic.test.tsx(73,5): error TS2304: Cannot find name 'expect'.
app/components/features/archived/hero-commercials/__tests__/HeroCommercialsStatic.test.tsx(75,3): error TS2582: Cannot find name 'test'. Do you need to install type definitions for a test runner? Try `npm i --save-dev @types/jest` or `npm i --save-dev @types/mocha`.
app/components/features/archived/hero-commercials/__tests__/HeroCommercialsStatic.test.tsx(94,5): error TS2304: Cannot find name 'expect'.
app/components/features/archived/hero-commercials/__tests__/HeroCommercialsStatic.test.tsx(95,5): error TS2304: Cannot find name 'expect'.
app/components/features/archived/hero-commercials/__tests__/HeroCommercialsStatic.test.tsx(96,5): error TS2304: Cannot find name 'expect'.
app/components/features/archived/hero-commercials/__tests__/HeroCommercialsStatic.test.tsx(97,5): error TS2304: Cannot find name 'expect'.
app/components/features/archived/hero-commercials/HeroCommercials.tsx(1,45): error TS2307: Cannot find module '@/sanity/lib/commercials/getCommercialsHeroSecondary' or its corresponding type declarations.
app/components/features/archived/hero-commercials/HeroCommercials.tsx(3,33): error TS2307: Cannot find module '../../../ui/carousel-single-slide/carouselSingleSlide' or its corresponding type declarations.
app/components/features/archived/hero-commercials/HeroCommercials.tsx(4,32): error TS2306: File 'C:/webdev/sang-logium/app/components/features/archived/hero-commercials/HeroCommercialItem.tsx' is not a module.
app/components/features/archived/hero-commercials/HeroCommercials.tsx(19,27): error TS2339: Property '_id' does not exist on type 'never'.
app/components/features/archived/hero-commercials/HeroCommercials.tsx(27,20): error TS2339: Property '_id' does not exist on type 'never'.
app/components/features/archived/hero-slide/HeroSlide.tsx(6,10): error TS2304: Cannot find name 'HeroPayload'.
app/components/features/archived/HeroMain.tsx(3,36): error TS2307: Cannot find module '@/sanity/lib/promotions/getPromotionByName' or its corresponding type declarations.
app/components/features/archived/HeroMain.tsx(5,23): error TS2307: Cannot find module '../homepage/hero/hero-main/SmallTest' or its corresponding type declarations.
app/components/features/archived/HeroMain.tsx(6,24): error TS2307: Cannot find module '../homepage/hero/hero-main/SmallTest2' or its corresponding type declarations.
app/components/features/archived/HeroMain.tsx(7,17): error TS1261: Already included file name 'C:/webdev/sang-logium/app/components/ui/buttons/cta.tsx' differs from file name 'C:/webdev/sang-logium/app/components/ui/buttons/CTA.tsx' only in casing.
  The file is in the program because:
    Imported via "@/app/components/ui/buttons/cta" from file 'C:/webdev/sang-logium/app/components/features/archived/HeroMain.tsx'
    Imported via "@/app/components/ui/buttons/CTA" from file 'C:/webdev/sang-logium/app/components/features/archived/SmallTest.tsx'
    Matched by include pattern '**/*.tsx' in 'C:/webdev/sang-logium/tsconfig.json'
app/components/features/archived/HeroMain.tsx(29,14): error TS2741: Property 'alt' is missing in type '{ imageData: any; }' but required in type '{ imageData: null; alt: string; fullscreen?: boolean | undefined; }'.
app/components/features/archived/PromotionCommercial.tsx(9,3): error TS2339: Property 'textData' does not exist on type 'PromotionCommercialProps'.
app/components/features/archived/PromotionCommercial.tsx(56,29): error TS7006: Parameter 'el' implicitly has an 'any' type.
app/components/features/archived/SmallTest.tsx(2,27): error TS2307: Cannot find module '@/sanity/lib/promotions/smallTest' or its corresponding type declarations.
app/components/features/archived/SmallTest.tsx(3,17): error TS1149: File name 'C:/webdev/sang-logium/app/components/ui/buttons/CTA.tsx' differs from already included file name 'C:/webdev/sang-logium/app/components/ui/buttons/cta.tsx' only in casing.
  The file is in the program because:
    Imported via "@/app/components/ui/buttons/cta" from file 'C:/webdev/sang-logium/app/components/features/archived/HeroMain.tsx'
    Imported via "@/app/components/ui/buttons/CTA" from file 'C:/webdev/sang-logium/app/components/features/archived/SmallTest.tsx'
    Matched by include pattern '**/*.tsx' in 'C:/webdev/sang-logium/tsconfig.json'
app/components/features/archived/SmallTest2.tsx(2,27): error TS2307: Cannot find module '@/sanity/lib/promotions/smallTest' or its corresponding type declarations.
app/components/features/basket/BasketControls.tsx(6,28): error TS2307: Cannot find module '../basket/basket.types' or its corresponding type declarations.
app/components/features/basket/BasketControls.tsx(40,21): error TS2345: Argument of type '{ _id: any; stock: any; name: any; displayPrice: any; quantity: number; }' is not assignable to parameter of type 'BasketItem'.
  Property 'image' is missing in type '{ _id: any; stock: any; name: any; displayPrice: any; quantity: number; }' but required in type 'BasketItem'.
app/components/features/basket/BasketControls.tsx(107,2): error TS7006: Parameter 'prevProps' implicitly has an 'any' type.
app/components/features/basket/BasketControls.tsx(107,13): error TS7006: Parameter 'nextProps' implicitly has an 'any' type.
app/components/features/homepage/accessories/AccessoryCard.tsx(3,57): error TS2304: Cannot find name 'AccessoryItem'.
app/components/features/homepage/accessories/CategorySection.tsx(8,13): error TS2304: Cannot find name 'AccessoryCategory'.
app/components/features/homepage/accessories/CategorySection.tsx(9,10): error TS2304: Cannot find name 'AccessoryItem'.
app/components/features/homepage/brand-marquee/BrandMarquee.tsx(2,26): error TS2307: Cannot find module './data.json' or its corresponding type declarations.
app/components/features/homepage/newest-release/NewestRelease.tsx(23,13): error TS2739: Type '{ headline: string; subheadline: string; _id: string; tag: string; name: string; brand: string; displayPrice: number; description: string; imageUrl: string; images: readonly string[]; slug?: string | undefined; }' is missing the following properties from type 'SpotlightProduct': id, mainImage, gallery, specs, isGold
app/components/features/homepage/product-spotlight-3/ProductSpotlight3.tsx(6,14): error TS2352: Conversion of type '{ brand: string; description: string; displayPrice: number; gallery: string[]; id: string; mainImage: string; name: string; slug: string; headline: string; isGold: boolean; }' to type 'SpotlightProduct' may be a mistake because neither type sufficiently overlaps with the other. If this was intentional, convert the expression to 'unknown' first.
  Type '{ brand: string; description: string; displayPrice: number; gallery: string[]; id: string; mainImage: string; name: string; slug: string; headline: string; isGold: boolean; }' is missing the following properties from type 'SpotlightProduct': subheadline, specs
app/components/features/products/ProductThumb.tsx(56,20): error TS2339: Property 'description' does not exist on type 'Product'.
app/components/features/products/ProductThumb.tsx(57,20): error TS7006: Parameter 'block' implicitly has an 'any' type.
app/components/features/products/ProductThumb.tsx(59,40): error TS7006: Parameter 'child' implicitly has an 'any' type.
app/components/features/profile/hooks/useProfileData.ts(3,29): error TS2307: Cannot find module '@/sanity/lib/profiles/profileTypes' or its corresponding type declarations.
app/components/features/profile/ProfileHeader.tsx(3,34): error TS2307: Cannot find module '../../features/auth/CustomUserButton' or its corresponding type declarations.
app/components/layout/carousel/CarouselTrack.tsx(23,7): error TS2322: Type 'RefObject<HTMLDivElement | null>' is not assignable to type 'LegacyRef<HTMLDivElement> | undefined'.
  Type 'RefObject<HTMLDivElement | null>' is not assignable to type 'RefObject<HTMLDivElement>'.
    Type 'HTMLDivElement | null' is not assignable to type 'HTMLDivElement'.
      Type 'null' is not assignable to type 'HTMLDivElement'.
app/components/ui/commercials/productCard.tsx(5,26): error TS2306: File 'C:/webdev/sang-logium/app/components/ui/commercials/minor/productImage.tsx' is not a module.
app/components/ui/commercials/productCommercial.tsx(19,16): error TS2339: Property 'markDefs' does not exist on type 'never'.
app/components/ui/commercials/productCommercial.tsx(19,32): error TS7006: Parameter 'mark' implicitly has an 'any' type.
app/components/ui/commercials/textCommercial.tsx(18,14): error TS2339: Property 'markDefs' does not exist on type 'never'.
app/components/ui/commercials/textCommercial.tsx(18,30): error TS7006: Parameter 'mark' implicitly has an 'any' type.
app/components/ui/promotion-image/PromotionImage.tsx(12,29): error TS18047: 'imageData' is possibly 'null'.
app/components/ui/promotion-image/PromotionImage.tsx(17,14): error TS18047: 'imageData' is possibly 'null'.
app/components/ui/promotion-image/PromotionImage.tsx(19,16): error TS18047: 'imageData' is possibly 'null'.
app/components/ui/promotion-image/PromotionImage.tsx(20,17): error TS18047: 'imageData' is possibly 'null'.
app/components/ui/promotion-image/PromotionImage.tsx(22,22): error TS18047: 'imageData' is possibly 'null'.
app/components/ui/sanity-image/SanityImage.tsx(6,30): error TS2322: Type 'string | undefined' is not assignable to type 'string'.
  Type 'undefined' is not assignable to type 'string'.
app/components/ui/sanity-image/SanityImage.tsx(6,41): error TS2322: Type 'string | undefined' is not assignable to type 'string'.
  Type 'undefined' is not assignable to type 'string'.
app/components/ui/smart-link/SmartLink.tsx(2,29): error TS2307: Cannot find module '@/types' or its corresponding type declarations.
app/hooks/useInitializeCheckoutCart.ts(2,34): error TS2307: Cannot find module '@/store/checkout' or its corresponding type declarations.
app/hooks/useInitializeCheckoutCart.ts(12,21): error TS2339: Property 'price' does not exist on type 'BasketItem'.
app/hooks/useInitializeCheckoutCart.ts(18,39): error TS7006: Parameter 's' implicitly has an 'any' type.
app/hooks/useUserProfile.ts(4,29): error TS2307: Cannot find module '@/sanity/lib/profiles/profileTypes' or its corresponding type declarations.
app/hooks/useUserProfile.ts(8,8): error TS2307: Cannot find module '@/app/actions/userProfileActions' or its corresponding type declarations.
DACs.tsx(1,18): error TS2307: Cannot find module './data.json' or its corresponding type declarations.
lib/sanity/helpers.ts(2,10): error TS2305: Module '"@/sanity.types"' has no exported member 'ALL_CATEGORIES_QUERYResult'.
sanity/lib/archived/commercials/getCommercialHeroMain.ts(2,24): error TS2307: Cannot find module '../client' or its corresponding type declarations.
sanity/lib/archived/commercials/getCommercialsByFeature.ts(2,24): error TS2307: Cannot find module '../client' or its corresponding type declarations.
sanity/lib/archived/commercials/getCommercialsHeroSecondary.ts(2,24): error TS2307: Cannot find module '../client' or its corresponding type declarations.
sanity/lib/archived/promotions/getPromotionByName.ts(2,24): error TS2307: Cannot find module '../client' or its corresponding type declarations.
sanity/lib/archived/promotions/smallTest.ts(2,24): error TS2307: Cannot find module '../client' or its corresponding type declarations.
sanity/lib/archived/sales/getAllActiveSales.ts(2,24): error TS2307: Cannot find module '../client' or its corresponding type declarations.
sanity/lib/archived/sales/getSaleByID.ts(2,24): error TS2307: Cannot find module '../client' or its corresponding type declarations.
sanity/lib/products/filter/getFiltersForCategoryPath.ts(52,36): error TS2339: Property 'filters' does not exist on type 'never'.
sanity/lib/products/filter/getFiltersForCategoryPath.ts(55,41): error TS2339: Property 'mappings' does not exist on type 'never'.
sanity/lib/products/filter/getFiltersForCategoryPath.ts(55,65): error TS2339: Property 'mappings' does not exist on type 'never'.
sanity/lib/products/filter/getFiltersForCategoryPath.ts(63,12): error TS7006: Parameter 'filter' implicitly has an 'any' type.
sanity/lib/products/filter/getFiltersForCategoryPath.ts(67,15): error TS7006: Parameter 'filter' implicitly has an 'any' type.
sanity/lib/products/filter/getFiltersForCategoryPath.ts(81,18): error TS7006: Parameter 'filter' implicitly has an 'any' type.
sanity/lib/products/filter/getFiltersForCategoryPath.ts(82,15): error TS7006: Parameter 'filter' implicitly has an 'any' type.
sanity/lib/products/sort/getSortablesForCategoryPath.ts(52,59): error TS2339: Property 'sortOptions' does not exist on type 'never'.
sanity/lib/products/sort/getSortablesForCategoryPath.ts(62,43): error TS2339: Property 'mappings' does not exist on type 'never'.
sanity/lib/products/sort/getSortablesForCategoryPath.ts(62,69): error TS2339: Property 'mappings' does not exist on type 'never'.
sanity/lib/profiles/createUserProfile.ts(2,51): error TS2307: Cannot find module './profileTypes' or its corresponding type declarations.
sanity/lib/profiles/fetchProfileByClerkId.ts(3,50): error TS2307: Cannot find module './profileTypes' or its corresponding type declarations.
sanity/lib/profiles/index.ts(1,15): error TS2307: Cannot find module './profileTypes' or its corresponding type declarations.
sanity/lib/profiles/updateUserProfile.ts(2,51): error TS2307: Cannot find module './profileTypes' or its corresponding type declarations.
sanity/lib/profiles/updateUserProfile.ts(30,7): error TS2322: Type 'unknown' is not assignable to type 'string | number | boolean | object'.
sanity/lib/profiles/updateUserProfile.ts(37,7): error TS2322: Type 'unknown' is not assignable to type 'string | number | boolean | object'.
sanity/lib/url/parseUrlToFilterConfig.ts(53,40): error TS2339: Property 'displayPrice' does not exist on type 'FilterConfig'.
sanity/lib/url/parseUrlToFilterConfig.ts(54,40): error TS2339: Property 'displayPrice' does not exist on type 'FilterConfig'.
sanity/schemaTypes/archived/homepageType.ts(133,9): error TS2322: Type '{ type: "string" | "number" | "boolean" | "object" | "url" | "array" | "block" | "date" | "datetime" | "document" | "file" | "geopoint" | "image" | "reference" | "crossDatasetReference" | ... 4 more ... | AutocompleteString; name: string; } & (Omit<...> | ... 18 more ... | TypeAliasDefinition<...>)' is not assignable to type 'ArrayOfType<"string" | "number" | "boolean" | "object" | "url" | "array" | "block" | "date" | "datetime" | "document" | "file" | "geopoint" | "image" | "reference" | "crossDatasetReference" | "globalDocumentReference" | "slug" | "text" | "email", undefined>'.
  Type '{ type: "string" | "number" | "boolean" | "object" | "url" | "array" | "block" | "date" | "datetime" | "document" | "file" | "geopoint" | "image" | "reference" | "crossDatasetReference" | ... 4 more ... | AutocompleteString; name: string; } & Omit<...>' is not assignable to type 'ArrayOfType<"string" | "number" | "boolean" | "object" | "url" | "array" | "block" | "date" | "datetime" | "document" | "file" | "geopoint" | "image" | "reference" | "crossDatasetReference" | "globalDocumentReference" | "slug" | "text" | "email", undefined>'.
    Type '{ type: "string" | "number" | "boolean" | "object" | "url" | "array" | "block" | "date" | "datetime" | "document" | "file" | "geopoint" | "image" | "reference" | "crossDatasetReference" | ... 4 more ... | AutocompleteString; name: string; } & Omit<...>' is not assignable to type '(Omit<ArrayOfEntry<StringDefinition>, "validation" | "initialValue"> & { validation?: SchemaValidationValue; initialValue?: any; }) | ArrayOfEntry<...>'.
      Type '{ type: "string" | "number" | "boolean" | "object" | "url" | "array" | "block" | "date" | "datetime" | "document" | "file" | "geopoint" | "image" | "reference" | "crossDatasetReference" | ... 4 more ... | AutocompleteString; name: string; } & Omit<...>' is not assignable to type 'Omit<ArrayOfEntry<StringDefinition>, "validation" | "initialValue"> & { validation?: SchemaValidationValue; initialValue?: any; }'.
        Type '{ type: "string" | "number" | "boolean" | "object" | "url" | "array" | "block" | "date" | "datetime" | "document" | "file" | "geopoint" | "image" | "reference" | "crossDatasetReference" | ... 4 more ... | AutocompleteString; name: string; } & Omit<...>' is not assignable to type '{ validation?: SchemaValidationValue; initialValue?: any; }'.
          Types of property 'validation' are incompatible.
            Type 'ValidationBuilder<StringRule, string> | undefined' is not assignable to type 'SchemaValidationValue'.
              Type 'ValidationBuilder<StringRule, string>' is not assignable to type 'SchemaValidationValue'.
                Type 'ValidationBuilder<StringRule, string>' is not assignable to type '(rule: Rule) => SchemaValidationValue'.
                  Type 'RuleBuilder<StringRule, string>' is not assignable to type 'SchemaValidationValue'.
                    Type 'StringRule' is not assignable to type 'SchemaValidationValue'.
                      Type 'StringRule' is missing the following properties from type 'Rule': _type, _level, _required, _typeDef, and 26 more.
sanity/schemaTypes/archived/homepageType.ts(133,20): error TS2345: Argument of type '{ type: "object"; fields: (({ type: "number"; name: "displayPrice"; } & Omit<NumberDefinition, "preview"> & FieldDefinitionBase & WidenValidation & WidenInitialValue) | ({ ...; } & ... 3 more ... & WidenInitialValue) | ({ ...; } & ... 3 more ... & WidenInitialValue))[]; preview: { ...; }; }' is not assignable to parameter of type '{ type: "string" | "number" | "boolean" | "object" | "url" | "array" | "block" | "date" | "datetime" | "document" | "file" | "geopoint" | "image" | "reference" | "crossDatasetReference" | ... 4 more ... | AutocompleteString; name: string; } & (Omit<...> | ... 18 more ... | TypeAliasDefinition<...>)'.
  Type '{ type: "object"; fields: (({ type: "number"; name: "displayPrice"; } & Omit<NumberDefinition, "preview"> & FieldDefinitionBase & WidenValidation & WidenInitialValue) | ({ ...; } & ... 3 more ... & WidenInitialValue) | ({ ...; } & ... 3 more ... & WidenInitialValue))[]; preview: { ...; }; }' is not assignable to type '({ type: "string" | "number" | "boolean" | "object" | "url" | "array" | "block" | "date" | "datetime" | "document" | "file" | "geopoint" | "image" | "reference" | "crossDatasetReference" | ... 4 more ... | AutocompleteString; name: string; } & Omit<...>) | ({ ...; } & TypeAliasDefinition<...>)'.
    Type '{ type: "object"; fields: (({ type: "number"; name: "displayPrice"; } & Omit<NumberDefinition, "preview"> & FieldDefinitionBase & WidenValidation & WidenInitialValue) | ({ ...; } & ... 3 more ... & WidenInitialValue) | ({ ...; } & ... 3 more ... & WidenInitialValue))[]; preview: { ...; }; }' is not assignable to type '{ type: "string" | "number" | "boolean" | "object" | "url" | "array" | "block" | "date" | "datetime" | "document" | "file" | "geopoint" | "image" | "reference" | "crossDatasetReference" | ... 4 more ... | AutocompleteString; name: string; } & TypeAliasDefinition<...>'.
      Property 'name' is missing in type '{ type: "object"; fields: (({ type: "number"; name: "displayPrice"; } & Omit<NumberDefinition, "preview"> & FieldDefinitionBase & WidenValidation & WidenInitialValue) | ({ ...; } & ... 3 more ... & WidenInitialValue) | ({ ...; } & ... 3 more ... & WidenInitialValue))[]; preview: { ...; }; }' but required in type '{ type: "string" | "number" | "boolean" | "object" | "url" | "array" | "block" | "date" | "datetime" | "document" | "file" | "geopoint" | "image" | "reference" | "crossDatasetReference" | ... 4 more ... | AutocompleteString; name: string; }'.
sanity/schemaTypes/archived/homepageType.ts(217,9): error TS2322: Type '{ type: "string" | "number" | "boolean" | "object" | "url" | "array" | "block" | "date" | "datetime" | "document" | "file" | "geopoint" | "image" | "reference" | "crossDatasetReference" | ... 4 more ... | AutocompleteString; name: string; } & (Omit<...> | ... 18 more ... | TypeAliasDefinition<...>)' is not assignable to type 'ArrayOfType<"string" | "number" | "boolean" | "object" | "url" | "array" | "block" | "date" | "datetime" | "document" | "file" | "geopoint" | "image" | "reference" | "crossDatasetReference" | "globalDocumentReference" | "slug" | "text" | "email", undefined>'.
  Type '{ type: "string" | "number" | "boolean" | "object" | "url" | "array" | "block" | "date" | "datetime" | "document" | "file" | "geopoint" | "image" | "reference" | "crossDatasetReference" | ... 4 more ... | AutocompleteString; name: string; } & Omit<...>' is not assignable to type 'ArrayOfType<"string" | "number" | "boolean" | "object" | "url" | "array" | "block" | "date" | "datetime" | "document" | "file" | "geopoint" | "image" | "reference" | "crossDatasetReference" | "globalDocumentReference" | "slug" | "text" | "email", undefined>'.
    Type '{ type: "string" | "number" | "boolean" | "object" | "url" | "array" | "block" | "date" | "datetime" | "document" | "file" | "geopoint" | "image" | "reference" | "crossDatasetReference" | ... 4 more ... | AutocompleteString; name: string; } & Omit<...>' is not assignable to type '(Omit<ArrayOfEntry<StringDefinition>, "validation" | "initialValue"> & { validation?: SchemaValidationValue; initialValue?: any; }) | ArrayOfEntry<...>'.
      Type '{ type: "string" | "number" | "boolean" | "object" | "url" | "array" | "block" | "date" | "datetime" | "document" | "file" | "geopoint" | "image" | "reference" | "crossDatasetReference" | ... 4 more ... | AutocompleteString; name: string; } & Omit<...>' is not assignable to type 'Omit<ArrayOfEntry<StringDefinition>, "validation" | "initialValue"> & { validation?: SchemaValidationValue; initialValue?: any; }'.
        Type '{ type: "string" | "number" | "boolean" | "object" | "url" | "array" | "block" | "date" | "datetime" | "document" | "file" | "geopoint" | "image" | "reference" | "crossDatasetReference" | ... 4 more ... | AutocompleteString; name: string; } & Omit<...>' is not assignable to type '{ validation?: SchemaValidationValue; initialValue?: any; }'.
          Types of property 'validation' are incompatible.
            Type 'ValidationBuilder<StringRule, string> | undefined' is not assignable to type 'SchemaValidationValue'.
              Type 'ValidationBuilder<StringRule, string>' is not assignable to type 'SchemaValidationValue'.
                Type 'ValidationBuilder<StringRule, string>' is not assignable to type '(rule: Rule) => SchemaValidationValue'.
                  Type 'RuleBuilder<StringRule, string>' is not assignable to type 'SchemaValidationValue'.
                    Type 'StringRule' is not assignable to type 'SchemaValidationValue'.
                      Type 'StringRule' is missing the following properties from type 'Rule': _type, _level, _required, _typeDef, and 26 more.
sanity/schemaTypes/archived/homepageType.ts(217,20): error TS2345: Argument of type '{ type: "object"; fields: (({ type: "string"; name: "title"; } & Omit<StringDefinition, "preview"> & FieldDefinitionBase & WidenValidation & WidenInitialValue) | ({ ...; } & ... 4 more ... & WidenInitialValue) | ({ ...; } & ... 3 more ... & WidenInitialValue))[]; preview: { ...; }; }' is not assignable to parameter of type '{ type: "string" | "number" | "boolean" | "object" | "url" | "array" | "block" | "date" | "datetime" | "document" | "file" | "geopoint" | "image" | "reference" | "crossDatasetReference" | ... 4 more ... | AutocompleteString; name: string; } & (Omit<...> | ... 18 more ... | TypeAliasDefinition<...>)'.
  Type '{ type: "object"; fields: (({ type: "string"; name: "title"; } & Omit<StringDefinition, "preview"> & FieldDefinitionBase & WidenValidation & WidenInitialValue) | ({ ...; } & ... 4 more ... & WidenInitialValue) | ({ ...; } & ... 3 more ... & WidenInitialValue))[]; preview: { ...; }; }' is not assignable to type '({ type: "string" | "number" | "boolean" | "object" | "url" | "array" | "block" | "date" | "datetime" | "document" | "file" | "geopoint" | "image" | "reference" | "crossDatasetReference" | ... 4 more ... | AutocompleteString; name: string; } & Omit<...>) | ({ ...; } & TypeAliasDefinition<...>)'.
    Type '{ type: "object"; fields: (({ type: "string"; name: "title"; } & Omit<StringDefinition, "preview"> & FieldDefinitionBase & WidenValidation & WidenInitialValue) | ({ ...; } & ... 4 more ... & WidenInitialValue) | ({ ...; } & ... 3 more ... & WidenInitialValue))[]; preview: { ...; }; }' is not assignable to type '{ type: "string" | "number" | "boolean" | "object" | "url" | "array" | "block" | "date" | "datetime" | "document" | "file" | "geopoint" | "image" | "reference" | "crossDatasetReference" | ... 4 more ... | AutocompleteString; name: string; } & TypeAliasDefinition<...>'.
      Property 'name' is missing in type '{ type: "object"; fields: (({ type: "string"; name: "title"; } & Omit<StringDefinition, "preview"> & FieldDefinitionBase & WidenValidation & WidenInitialValue) | ({ ...; } & ... 4 more ... & WidenInitialValue) | ({ ...; } & ... 3 more ... & WidenInitialValue))[]; preview: { ...; }; }' but required in type '{ type: "string" | "number" | "boolean" | "object" | "url" | "array" | "block" | "date" | "datetime" | "document" | "file" | "geopoint" | "image" | "reference" | "crossDatasetReference" | ... 4 more ... | AutocompleteString; name: string; }'.
tests_e2e/address/accept_E2E_REAL_API.test.ts(18,28): error TS2307: Cannot find module '../tests/address/CASE_ACCEPT/cases_valid.json' or its corresponding type declarations.
